[vn2.ku6122.net/Mobile/Home/login.html]
[backblue.gif]
[fade.gif]
[index.html]
[vn2.ku6122.net/Areas/Mobile/Content/Images/TouchIcon20220413/apple-icon-57x57.png]
[vn2.ku6122.net/Areas/Mobile/Content/Images/TouchIcon20220413/apple-icon-60x60.png]
[vn2.ku6122.net/Areas/Mobile/Content/Images/TouchIcon20220413/apple-icon-72x72.png]
[vn2.ku6122.net/Areas/Mobile/Content/Images/TouchIcon20220413/apple-icon-76x76.png]
[vn2.ku6122.net/Areas/Mobile/Content/Images/TouchIcon20220413/apple-icon-114x114.png]
[vn2.ku6122.net/Areas/Mobile/Content/Images/TouchIcon20220413/apple-icon-120x120.png]
[vn2.ku6122.net/Areas/Mobile/Content/Images/TouchIcon20220413/apple-icon-144x144.png]
[vn2.ku6122.net/Areas/Mobile/Content/Images/TouchIcon20220413/apple-icon-152x152.png]
[vn2.ku6122.net/Areas/Mobile/Content/Images/TouchIcon20220413/apple-icon-180x180.png]
[vn2.ku6122.net/Areas/Mobile/Content/Images/TouchIcon20220413/android-icon-192x192.png]
[vn2.ku6122.net/Areas/Mobile/Content/Images/TouchIcon20220413/favicon-32x32.png]
[vn2.ku6122.net/Areas/Mobile/Content/Images/TouchIcon20220413/favicon-96x96.png]
[vn2.ku6122.net/Areas/Mobile/Content/Images/TouchIcon20220413/favicon-16x16.png]
[vn2.ku6122.net/bundles/mobile_main055b.css]
[vn2.ku6122.net/bundles/swiperdee4.css]
[vn2.ku6122.net/bundles/mobile_home34bd.css]
[vn2.ku6122.net/Mobile/Home/Osasuna.html]
[images.ku6122.net/FileSystem/Images/41dfd345d9d64a3c88ac7095ad4ff43f.jpg]
[images.ku6122.net/FileSystem/Images/c7c7ecb493c240b6a0ce890ce72cdf02.jpg]
[images.ku6122.net/FileSystem/Images/f1622de871064a89b1b8091d6ea5439b.jpg]
[images.ku6122.net/FileSystem/Images/ebd67e644b384332b3bef7f7832efd24.jpg]
[images.ku6122.net/FileSystem/Images/6440370bc389403ea7650407a40a4d4e.jpg]
[images.ku6122.net/FileSystem/Images/86194aada50b4e5b9bf27dc1b7d53674.jpg]
[images.ku6122.net/FileSystem/Images/aad08cdd69594e0a86fd49ed143c8c1a.jpg]
[images.ku6122.net/FileSystem/Images/aff992bc44964f949feeb22d45168528.jpg]
[vn2.ku6122.net/Areas/Mobile/Content/Images/vi-vn/logo_CAO.png]
[vn2.ku6122.net/Areas/Mobile/Content/Images/vi-vn/logo_CAO02.png]
[vn2.ku6122.net/Areas/Mobile/Content/Images/vi-vn/logo_WM.png]
[vn2.ku6122.net/Areas/Mobile/Content/Images/vi-vn/logo_DG.png]
[vn2.ku6122.net/Areas/Mobile/Content/Images/vi-vn/logo_AES.png]
[vn2.ku6122.net/Areas/Mobile/Content/Images/vi-vn/logo_AG.png]
[vn2.ku6122.net/Areas/Mobile/Content/Images/vi-vn/logo_EVO.png]
[vn2.ku6122.net/Areas/Mobile/Content/Images/vi-vn/logo_SA.png]
[vn2.ku6122.net/Areas/Mobile/Content/Images/vi-vn/logo_GPI.png]
[vn2.ku6122.net/Areas/Mobile/Content/Images/vi-vn/logo_BBIN02.png]
[vn2.ku6122.net/Areas/Mobile/Content/Images/vi-vn/logo_OBlive.png]
[vn2.ku6122.net/Areas/Mobile/Content/Images/vi-vn/logo_BBIN.png]
[vn2.ku6122.net/Areas/Mobile/Content/Images/vi-vn/logo_JZ.png]
[vn2.ku6122.net/Areas/Mobile/Content/Images/vi-vn/logo_SABA.png]
[vn2.ku6122.net/Areas/Mobile/Content/Images/vi-vn/logo_CMD.png]
[vn2.ku6122.net/Areas/Mobile/Content/Images/vi-vn/logo_AI.png]
[vn2.ku6122.net/Areas/Mobile/Content/Images/vi-vn/logo_OBsport.png]
[vn2.ku6122.net/Areas/Mobile/Content/Images/vi-vn/logo_PG.png]
[vn2.ku6122.net/Areas/Mobile/Content/Images/vi-vn/logo_bng.png]
[vn2.ku6122.net/Areas/Mobile/Content/Images/vi-vn/logo_DS.png]
[vn2.ku6122.net/Areas/Mobile/Content/Images/vi-vn/logo_CQ9.png]
[vn2.ku6122.net/Areas/Mobile/Content/Images/vi-vn/logo_FTG.png]
[vn2.ku6122.net/Areas/Mobile/Content/Images/vi-vn/logo_KA.png]
[vn2.ku6122.net/Areas/Mobile/Content/Images/vi-vn/logo_playson.png]
[vn2.ku6122.net/Areas/Mobile/Content/Images/vi-vn/logo_AT.png]
[vn2.ku6122.net/Areas/Mobile/Content/Images/vi-vn/logo_PS.png]
[vn2.ku6122.net/Areas/Mobile/Content/Images/vi-vn/logo_V8.png]
[vn2.ku6122.net/Areas/Mobile/Content/Images/vi-vn/logo_KS.png]
[vn2.ku6122.net/Areas/Mobile/Content/Images/vi-vn/logo_IM.png]
[vn2.ku6122.net/Areas/Mobile/Content/Images/vi-vn/logo_OBesports.png]
[vn2.ku6122.net/Content/Images/logo_KU.png]
[vn2.ku6122.net/Mobile/images/bg_header.jpg]
[ku6122.vnkucdn.net/bundles/base.m-memberportal.20181204A.js]
[vn2.ku6122.net/bundles/menu.m42c4.js]
[ku6122.vnkucdn.net/bundles/swiper.v7.4.1.m-memberportal.20181204A.js]
[vn2.ku6122.net/Mobile/Home/login.html]
[vn2.ku6122.net/bundles/app.m1075.js]
[vn2.ku6122.net/bundles/app/mobile-home-login293e.js]
[vn2.ku6122.net/Content/Images/Graph/icon_close.png]
[vn2.ku6122.net/Content/Images/fancybox/fancybox_loading.gif]
[ku6122.vnkucdn.net/bundles/thirdpartyplugin.m-memberportal.20181204A.js]
[vn2.ku6122.net/Content/Images/fancybox/blank.gif]
[vn2.ku6122.net/Content/Images/fancybox/fancybox_overlay.png]
[vn2.ku6122.net/Areas/Mobile/Content/images/vi-vn/bg_header.jpg]
[vn2.ku6122.net/Areas/Mobile/Content/images/vi-vn/icon_footer_gift.png]
[vn2.ku6122.net/Areas/Mobile/Content/images/vi-vn/icon_footer_gift.gif]
[vn2.ku6122.net/Areas/Mobile/Content/Images/vi-vn/loading.gif]
[vn2.ku6122.net/Areas/Mobile/Content/Images/vi-vn/bg_shareApp.png]
[vn2.ku6122.net/Areas/Mobile/Content/Images/vi-vn/icon_ribbon.png]
[vn2.ku6122.net/Areas/Mobile/Content/Images/vi-vn/logo_KUapp.png]
[vn2.ku6122.net/Areas/Mobile/Content/Images/vi-vn/logo_VIPapp.png]
[vn2.ku6122.net/Areas/Mobile/Content/Css/images/appNew_bg.png]
[vn2.ku6122.net/Areas/Mobile/Content/Images/loading.gif]
[vn2.ku6122.net/bundles/mobile_main055b.css]
[vn2.ku6122.net/bundles/swiperdee4.css]
[vn2.ku6122.net/Areas/Mobile/Content/images/vi-vn/img_hotOT.png]
[vn2.ku6122.net/Areas/Mobile/Content/images/vi-vn/img_lotoBG.png]
[vn2.ku6122.net/Areas/Mobile/Content/images/vi-vn/img_lotoOT.png]
[vn2.ku6122.net/Areas/Mobile/Content/images/vi-vn/img_fishBG.png]
[vn2.ku6122.net/Areas/Mobile/Content/images/vi-vn/img_fishOT.png]
[vn2.ku6122.net/Areas/Mobile/Content/images/vi-vn/img_chessBG.png]
[vn2.ku6122.net/Areas/Mobile/Content/images/vi-vn/img_chessOT.png]
[vn2.ku6122.net/Areas/Mobile/Content/images/vi-vn/img_esportsBG.png]
[vn2.ku6122.net/Areas/Mobile/Content/images/vi-vn/img_esportsOT.png]
[vn2.ku6122.net/Areas/Mobile/Content/images/vi-vn/img_liveBG.png]
[vn2.ku6122.net/Areas/Mobile/Content/images/vi-vn/img_liveOT.png]
[vn2.ku6122.net/Areas/Mobile/Content/images/vi-vn/img_sportBG.png]
[vn2.ku6122.net/Areas/Mobile/Content/images/vi-vn/img_sportOT.png]
[vn2.ku6122.net/Areas/Mobile/Content/images/vi-vn/img_slotBG.png]
[vn2.ku6122.net/Areas/Mobile/Content/images/vi-vn/img_slotOT.png]
[vn2.ku6122.net/Areas/Mobile/Content/images/vi-vn/img_lotoKUBG.png]
[vn2.ku6122.net/Areas/Mobile/Content/images/vi-vn/img_liveKUBG.png]
[vn2.ku6122.net/Areas/Mobile/Content/images/vi-vn/img_sportHotBG.png]
[vn2.ku6122.net/Areas/Mobile/Content/images/vi-vn/img_liveHotBG.png]
[vn2.ku6122.net/Areas/Mobile/Content/images/vi-vn/img_lotoHotBG.png]
[vn2.ku6122.net/Areas/Mobile/Content/images/vi-vn/img_slotHotBG.png]
[vn2.ku6122.net/Areas/Mobile/Content/images/vi-vn/img_hotBG.png]
[vn2.ku6122.net/Areas/Mobile/Content/images/vi-vn/icon_hot.png]
[vn2.ku6122.net/Areas/Mobile/Content/images/vi-vn/icon_new.png]
[vn2.ku6122.net/Areas/Mobile/Content/images/vi-vn/btn_AV.png]
[vn2.ku6122.net/bundles/mobile_home34bd.css]
[vn2.ku6122.net/bundles/mobile_Osasunab2ec.css]
[vn2.ku6122.net/bundles/mobile_aboutUs9b39.css]
[vn2.ku6122.net/Areas/Mobile/Content/Images/vi-vn/img_video04.png]
[vn2.ku6122.net/Areas/Mobile/Content/Images/vi-vn/img_video01.png]
[vn2.ku6122.net/Areas/Mobile/Content/Images/vi-vn/img_video02.png]
[vn2.ku6122.net/Areas/Mobile/Content/Images/vi-vn/osasuna/top_logo.png]
[vn2.ku6122.net/Areas/Mobile/Content/Images/vi-vn/osasuna/title_name.png]
[vn2.ku6122.net/Areas/Mobile/Content/Images/vi-vn/osasuna/top_player01.jpg]
[vn2.ku6122.net/Areas/Mobile/Content/Images/vi-vn/osasuna/top_player02.jpg]
[vn2.ku6122.net/Areas/Mobile/Content/Images/vi-vn/osasuna/01.gif]
[vn2.ku6122.net/Areas/Mobile/Content/Images/vi-vn/osasuna/01.jpg]
[vn2.ku6122.net/Areas/Mobile/Content/Images/vi-vn/osasuna/02.jpg]
[vn2.ku6122.net/Areas/Mobile/Content/Images/vi-vn/osasuna/03.jpg]
[vn2.ku6122.net/Areas/Mobile/Content/Images/vi-vn/osasuna/04.jpg]
[vn2.ku6122.net/Areas/Mobile/Content/Images/vi-vn/osasuna/05.jpg]
[vn2.ku6122.net/Areas/Mobile/Content/Images/vi-vn/osasuna/06.jpg]
[vn2.ku6122.net/Areas/Mobile/Content/Images/vi-vn/osasuna/07.jpg]
[vn2.ku6122.net/Areas/Mobile/Content/Images/vi-vn/osasuna/08.jpg]
[vn2.ku6122.net/Areas/Mobile/Content/Images/vi-vn/osasuna/09.jpg]
[vn2.ku6122.net/Areas/Mobile/Content/Images/vi-vn/osasuna/10.jpg]
[vn2.ku6122.net/Areas/Mobile/Content/Images/vi-vn/osasuna/11.jpg]
[vn2.ku6122.net/Areas/Mobile/Content/Images/vi-vn/osasuna/12.jpg]
[vn2.ku6122.net/Areas/Mobile/Content/Images/vi-vn/osasuna/13.jpg]
[vn2.ku6122.net/Areas/Mobile/Content/Images/vi-vn/osasuna/14.jpg]
[vn2.ku6122.net/Areas/Mobile/Content/Images/vi-vn/osasuna/15.jpg]
[vn2.ku6122.net/Areas/Mobile/Content/Images/vi-vn/osasuna/16.jpg]
[vn2.ku6122.net/Areas/Mobile/Content/Images/vi-vn/osasuna/17.jpg]
[vn2.ku6122.net/Areas/Mobile/Content/Images/vi-vn/osasuna/18.jpg]
[vn2.ku6122.net/Areas/Mobile/Content/Images/vi-vn/osasuna/19.jpg]
[vn2.ku6122.net/Areas/Mobile/Content/Images/vi-vn/osasuna/icon_FB.png]
[vn2.ku6122.net/Areas/Mobile/Content/Images/vi-vn/osasuna/icon_Twitter.png]
[vn2.ku6122.net/Areas/Mobile/Content/Images/vi-vn/osasuna/icon_IG.png]
[vn2.ku6122.net/Areas/Mobile/Content/Images/vi-vn/osasuna/icon_YT.png]
[vn2.ku6122.net/Areas/Mobile/Content/Images/vi-vn/osasuna/icon_WB.png]
[vn2.ku6122.net/Areas/Mobile/Content/Images/vi-vn/osasuna/teamlogo/CA_Osasuna.png]
[vn2.ku6122.net/Areas/Mobile/Content/Images/vi-vn/osasuna/teamlogo/Sevilla_FC.png]
[vn2.ku6122.net/Areas/Mobile/Content/Images/vi-vn/osasuna/teamlogo/Cadiz_CF.png]
[vn2.ku6122.net/Areas/Mobile/Content/Images/vi-vn/osasuna/teamlogo/Rayo_Vallecano.png]
[vn2.ku6122.net/Areas/Mobile/Content/Images/vi-vn/osasuna/teamlogo/Getafe_CF.png]
[vn2.ku6122.net/Areas/Mobile/Content/Images/vi-vn/osasuna/teamlogo/Valencia_CF.png]
[vn2.ku6122.net/Areas/Mobile/Content/Images/vi-vn/osasuna/teamlogo/RCD_Espanyol.png]
[vn2.ku6122.net/Areas/Mobile/Content/Images/vi-vn/osasuna/teamlogo/Real_Valladolid.png]
[vn2.ku6122.net/Areas/Mobile/Content/Images/vi-vn/osasuna/teamlogo/FC_Barcelona.png]
[vn2.ku6122.net/Areas/Mobile/Content/Images/vi-vn/osasuna/teamlogo/RCD_Mallorca.png]
[vn2.ku6122.net/Areas/Mobile/Content/Images/vi-vn/osasuna/teamlogo/Atletico_de_Madrid.png]
[vn2.ku6122.net/Areas/Mobile/Content/Images/vi-vn/osasuna/teamlogo/Real_Madrid_CF.png]
[vn2.ku6122.net/Areas/Mobile/Content/Images/vi-vn/osasuna/teamlogo/Celta_de_Vigo.png]
[vn2.ku6122.net/Areas/Mobile/Content/Images/vi-vn/osasuna/teamlogo/Villarreal.png]
[vn2.ku6122.net/Areas/Mobile/Content/Images/vi-vn/osasuna/teamlogo/Elche.png]
[vn2.ku6122.net/Areas/Mobile/Content/Images/vi-vn/osasuna/teamlogo/Real_Betis.png]
[vn2.ku6122.net/Areas/Mobile/Content/Images/vi-vn/osasuna/teamlogo/Sociedad.png]
[vn2.ku6122.net/Areas/Mobile/Content/Images/vi-vn/osasuna/teamlogo/UD_Almeria.png]
[vn2.ku6122.net/Areas/Mobile/Content/Images/vi-vn/osasuna/teamlogo/Athletic_Club.png]
[vn2.ku6122.net/Areas/Mobile/Content/Images/vi-vn/osasuna/teamlogo/Girona_Futbol_Club.png]
[vn2.ku6122.net/Areas/Mobile/Content/Images/vi-vn/osasuna/footerlogo.png]
[vn2.ku6122.net/Scripts/App/Libs/moment/i18n/vi-vn.js]
[vn2.ku6122.net/bundles/app/mobile-home-osasunadada.js]
[vn2.ku6122.net/bundles/osasunaSponsor0ca1.js]
[vn2.ku6122.net/Mobile/Home/Osasuna.html]
[vn2.ku6122.net/Mobile/images/bg_header.html]
[vn2.ku6122.net/Areas/Mobile/Content/Css/images/appNew_bg.html]
[vn2.ku6122.net/Areas/Mobile/Content/Images/vi-vn/osasuna/center_bg.jpg]
[ku6122.vnkucdn.net/bundles/jsmpeg.m-memberportal.20181204A.js]
[vn2.ku6122.net/Areas/Mobile/Content/Images/vi-vn/osasuna/icon_arrow.png]
[vn2.ku6122.net/Areas/Mobile/Content/Images/vi-vn/osasuna/icon_arrowRed.png]
[vn2.ku6122.net/Areas/Mobile/Content/Images/vi-vn/osasuna/bottom_bg.jpg]
[vn2.ku6122.net/bundles/mobile_Osasunab2ec.css]
[vn2.ku6122.net/bundles/mobile_aboutUs9b39.css]
