[vn2.ku6122.net/Mobile/Register/Register.html]
[backblue.gif]
[fade.gif]
[index.html]
[vn2.ku6122.net/Areas/Mobile/Content/Images/TouchIcon20220413/apple-icon-57x57.png]
[vn2.ku6122.net/Areas/Mobile/Content/Images/TouchIcon20220413/apple-icon-60x60.png]
[vn2.ku6122.net/Areas/Mobile/Content/Images/TouchIcon20220413/apple-icon-72x72.png]
[vn2.ku6122.net/Areas/Mobile/Content/Images/TouchIcon20220413/apple-icon-76x76.png]
[vn2.ku6122.net/Areas/Mobile/Content/Images/TouchIcon20220413/apple-icon-114x114.png]
[vn2.ku6122.net/Areas/Mobile/Content/Images/TouchIcon20220413/apple-icon-120x120.png]
[vn2.ku6122.net/Areas/Mobile/Content/Images/TouchIcon20220413/apple-icon-144x144.png]
[vn2.ku6122.net/Areas/Mobile/Content/Images/TouchIcon20220413/apple-icon-152x152.png]
[vn2.ku6122.net/Areas/Mobile/Content/Images/TouchIcon20220413/apple-icon-180x180.png]
[vn2.ku6122.net/Areas/Mobile/Content/Images/TouchIcon20220413/android-icon-192x192.png]
[vn2.ku6122.net/Areas/Mobile/Content/Images/TouchIcon20220413/favicon-32x32.png]
[vn2.ku6122.net/Areas/Mobile/Content/Images/TouchIcon20220413/favicon-96x96.png]
[vn2.ku6122.net/Areas/Mobile/Content/Images/TouchIcon20220413/favicon-16x16.png]
[vn2.ku6122.net/bundles/mobile_main055b.css]
[vn2.ku6122.net/bundles/mobile_form0406.css]
[vn2.ku6122.net/bundles/mobile_join73e6.css]
[vn2.ku6122.net/bundles/mobile_aboutUs9b39.css]
[vn2.ku6122.net/Content/Images/logo_KU.png]
[vn2.ku6122.net/Scripts/App/Libs/moment/i18n/vi-vn.js]
[ku6122.vnkucdn.net/bundles/base.m-memberportal.20181204A.js]
[vn2.ku6122.net/bundles/menu.m42c4.js]
[vn2.ku6122.net/Mobile/Register/Register.html]
[vn2.ku6122.net/bundles/app.m1075.js]
[vn2.ku6122.net/bundles/app/mobile-register-registeraf98.js]
[ku6122.vnkucdn.net/bundles/thirdpartyplugin.m-memberportal.20181204A.js]
[vn2.ku6122.net/Content/Images/Graph/icon_close.png]
[vn2.ku6122.net/Content/Images/fancybox/fancybox_loading.gif]
[vn2.ku6122.net/Content/Images/fancybox/blank.gif]
[vn2.ku6122.net/Content/Images/fancybox/fancybox_overlay.png]
[vn2.ku6122.net/Areas/Mobile/Content/images/vi-vn/bg_header.jpg]
[vn2.ku6122.net/Areas/Mobile/Content/images/vi-vn/icon_footer_gift.png]
[vn2.ku6122.net/Areas/Mobile/Content/images/vi-vn/icon_footer_gift.gif]
[vn2.ku6122.net/Areas/Mobile/Content/Images/vi-vn/loading.gif]
[vn2.ku6122.net/Areas/Mobile/Content/Images/vi-vn/bg_shareApp.png]
[vn2.ku6122.net/Areas/Mobile/Content/Images/vi-vn/icon_ribbon.png]
[vn2.ku6122.net/Areas/Mobile/Content/Images/vi-vn/logo_KUapp.png]
[vn2.ku6122.net/Areas/Mobile/Content/Images/vi-vn/logo_VIPapp.png]
[vn2.ku6122.net/Areas/Mobile/Content/Css/images/appNew_bg.png]
[vn2.ku6122.net/Areas/Mobile/Content/Images/loading.gif]
[vn2.ku6122.net/bundles/mobile_main055b.css]
[vn2.ku6122.net/bundles/mobile_form0406.css]
[vn2.ku6122.net/Areas/Mobile/Content/Images/vi-vn/icon_folder.png]
[vn2.ku6122.net/bundles/mobile_join73e6.css]
[vn2.ku6122.net/bundles/mobile_aboutUs9b39.css]
[vn2.ku6122.net/Areas/Mobile/Content/Css/images/appNew_bg.html]
